============================= test session starts =============================
platform win32 -- Python 3.14.3, pytest-9.0.2, pluggy-1.6.0 -- C:\Users\gaura\Desktop\Projects\sch\msme-resource-scheduler\backend\venv\Scripts\python.exe
cachedir: .pytest_cache
rootdir: C:\Users\gaura\Desktop\Projects\sch\msme-resource-scheduler\backend
configfile: pytest.ini
plugins: anyio-4.12.1, asyncio-1.3.0
asyncio: mode=Mode.STRICT, debug=False, asyncio_default_fixture_loop_scope=None, asyncio_default_test_loop_scope=function
collecting ... collected 214 items / 12 deselected / 202 selected

tests/test_alembic_migrations.py::TestMigrationFileIntegrity::test_no_duplicate_revision_ids PASSED [  0%]
tests/test_alembic_migrations.py::TestMigrationFileIntegrity::test_migration_chain_no_gaps PASSED [  0%]
tests/test_alembic_migrations.py::TestMigrationFileIntegrity::test_single_head PASSED [  1%]
tests/test_alembic_migrations.py::TestMigrationFileIntegrity::test_head_is_023 PASSED [  1%]
tests/test_alembic_migrations.py::TestMigrationFileIntegrity::test_021_in_chain PASSED [  2%]
tests/test_alembic_migrations.py::TestMigrationFileIntegrity::test_all_migration_files_importable PASSED [  2%]
tests/test_alembic_migrations.py::TestLiveDatabaseSchema::test_upgrade_head SKIPPED [  3%]
tests/test_alembic_migrations.py::TestLiveDatabaseSchema::test_downgrade_base SKIPPED [  3%]
tests/test_alembic_migrations.py::TestLiveDatabaseSchema::test_schema_columns SKIPPED [  4%]
tests/test_conflict_detection.py::TestNoEntriesYet::test_not_conflicted_when_no_entries PASSED [  4%]
tests/test_conflict_detection.py::TestFullyScheduled::test_no_conflict_when_all_days_scheduled PASSED [  5%]
tests/test_conflict_detection.py::TestFullyScheduled::test_no_conflict_uses_original_dates_for_count PASSED [  5%]
tests/test_conflict_detection.py::TestFullyScheduled::test_conflict_when_entries_less_than_original PASSED [  6%]
tests/test_conflict_detection.py::TestPartiallyScheduled::test_conflict_when_missing_days PASSED [  6%]
tests/test_conflict_detection.py::TestPartiallyScheduled::test_conflict_message_is_actionable PASSED [  7%]
tests/test_conflict_detection.py::TestEdgeCases::test_single_day_job_fully_scheduled PASSED [  7%]
tests/test_conflict_detection.py::TestEdgeCases::test_single_day_job_not_scheduled PASSED [  8%]
tests/test_conflict_detection.py::TestEdgeCases::test_job_not_in_map_not_conflicted PASSED [  8%]
tests/test_language_detection.py::TestGetResponse::test_role_blocked_english PASSED [  9%]
tests/test_language_detection.py::TestGetResponse::test_role_blocked_hinglish PASSED [  9%]
tests/test_language_detection.py::TestGetResponse::test_role_blocked_hindi PASSED [ 10%]
tests/test_language_detection.py::TestGetResponse::test_all_keys_have_all_three_languages PASSED [ 10%]
tests/test_language_detection.py::TestGetResponse::test_all_variants_are_non_empty_strings PASSED [ 11%]
tests/test_language_detection.py::TestGetResponse::test_unknown_key_returns_safe_fallback PASSED [ 11%]
tests/test_language_detection.py::TestGetResponse::test_unknown_language_falls_back_to_english PASSED [ 12%]
tests/test_language_detection.py::TestGetResponse::test_placeholder_substitution_works PASSED [ 12%]
tests/test_language_detection.py::TestGetResponse::test_returns_string_type_always PASSED [ 13%]
tests/test_language_detection.py::TestGetResponse::test_each_language_variant_is_distinct PASSED [ 13%]
tests/test_role_limiting.py::TestOwnerAlwaysPasses::test_owner_passes_financial_query PASSED [ 14%]
tests/test_role_limiting.py::TestOwnerAlwaysPasses::test_owner_passes_delete_query PASSED [ 14%]
tests/test_role_limiting.py::TestOwnerAlwaysPasses::test_owner_passes_create_query PASSED [ 15%]
tests/test_role_limiting.py::TestOwnerAlwaysPasses::test_owner_passes_empty_message PASSED [ 15%]
tests/test_role_limiting.py::TestManagerBlocking::test_manager_blocked_on_cost PASSED [ 16%]
tests/test_role_limiting.py::TestManagerBlocking::test_manager_blocked_on_salary_hinglish PASSED [ 16%]
tests/test_role_limiting.py::TestManagerBlocking::test_manager_blocked_on_revenue PASSED [ 17%]
tests/test_role_limiting.py::TestManagerBlocking::test_manager_blocked_on_create PASSED [ 17%]
tests/test_role_limiting.py::TestManagerBlocking::test_manager_blocked_on_delete PASSED [ 18%]
tests/test_role_limiting.py::TestManagerBlocking::test_manager_blocked_on_hatao PASSED [ 18%]
tests/test_role_limiting.py::TestManagerBlocking::test_manager_blocked_reply_localised_hindi PASSED [ 19%]
tests/test_role_limiting.py::TestManagerBlocking::test_manager_allowed_on_schedule_view PASSED [ 19%]
tests/test_role_limiting.py::TestManagerBlocking::test_manager_allowed_general_query PASSED [ 20%]
tests/test_role_limiting.py::TestOperatorBlocking::test_operator_blocked_on_schedule PASSED [ 20%]
tests/test_role_limiting.py::TestOperatorBlocking::test_operator_blocked_on_assign PASSED [ 21%]
tests/test_role_limiting.py::TestOperatorBlocking::test_operator_blocked_on_financial PASSED [ 21%]
tests/test_role_limiting.py::TestOperatorBlocking::test_operator_blocked_on_all_query PASSED [ 22%]
tests/test_role_limiting.py::TestOperatorBlocking::test_operator_allowed_own_work_english PASSED [ 22%]
tests/test_role_limiting.py::TestOperatorBlocking::test_operator_allowed_mera_kaam PASSED [ 23%]
tests/test_role_limiting.py::TestUnknownRole::test_unknown_role_blocked_on_schedule PASSED [ 23%]
tests/test_role_limiting.py::TestUnknownRole::test_unknown_role_allowed_own_query PASSED [ 24%]
tests/test_role_limiting.py::TestReturnTupleContract::test_blocked_case_tuple_shape PASSED [ 24%]
tests/test_role_limiting.py::TestReturnTupleContract::test_read_query_tuple_shape PASSED [ 25%]
tests/test_scheduler.py::test_basic_xy1_xy2_all_resolved PASSED          [ 25%]
tests/test_scheduler.py::test_setup_reserve_blocks_machine PASSED        [ 26%]
tests/test_scheduler.py::test_locked_job_blocks_machine PASSED           [ 26%]
tests/test_scheduler.py::test_conflict_machine_deadline PASSED           [ 27%]
tests/test_scheduler_engine.py::TestSingleJob::test_single_step_resolves PASSED [ 27%]
tests/test_scheduler_engine.py::TestSingleJob::test_step_without_resources_resolves PASSED [ 28%]
tests/test_scheduler_engine.py::TestSingleJob::test_step_longer_than_shift_is_clamped_or_rejected PASSED [ 28%]
tests/test_scheduler_engine.py::TestPriorityOrdering::test_critical_wins_over_high PASSED [ 29%]
tests/test_scheduler_engine.py::TestPriorityOrdering::test_higher_profit_wins_when_same_priority PASSED [ 29%]
tests/test_scheduler_engine.py::TestLockedEntries::test_locked_entry_blocks_machine PASSED [ 30%]
tests/test_scheduler_engine.py::TestLockedEntries::test_locked_job_is_skipped PASSED [ 30%]
tests/test_scheduler_engine.py::TestSequentialGate::test_step2_waits_for_step1 PASSED [ 31%]
tests/test_scheduler_engine.py::TestSequentialGate::test_step2_blocked_if_step1_fails PASSED [ 31%]
tests/test_scheduler_engine.py::TestHelperShareability::test_two_jobs_share_same_helper PASSED [ 32%]
tests/test_scheduler_engine.py::TestDeadline::test_step_rejected_if_misses_deadline PASSED [ 32%]
tests/test_skills.py::test_create_skill PASSED                           [ 33%]
tests/test_skills.py::test_list_skills PASSED                            [ 33%]
tests/test_skills.py::test_get_skill PASSED                              [ 34%]
tests/test_skills.py::test_update_skill PASSED                           [ 34%]
tests/test_skills.py::test_delete_skill PASSED                           [ 35%]
tests/test_whatsapp_checkin.py::TestNormaliseFunctions::test_normalise_strips_whitespace PASSED [ 35%]
tests/test_whatsapp_checkin.py::TestNormaliseFunctions::test_normalise_lowercases PASSED [ 36%]
tests/test_whatsapp_checkin.py::TestNormaliseFunctions::test_normalise_empty_string PASSED [ 36%]
tests/test_whatsapp_checkin.py::TestNormaliseFunctions::test_name_tokens_splits_full_name PASSED [ 37%]
tests/test_whatsapp_checkin.py::TestNormaliseFunctions::test_name_tokens_filters_short_tokens PASSED [ 37%]
tests/test_whatsapp_checkin.py::TestNormaliseFunctions::test_name_tokens_single_name PASSED [ 38%]
tests/test_whatsapp_checkin.py::TestAbsentMarkers::test_all_markers_are_lowercase PASSED [ 38%]
tests/test_whatsapp_checkin.py::TestAbsentMarkers::test_markers_are_non_empty PASSED [ 39%]
tests/test_whatsapp_checkin.py::TestAbsentMarkers::test_nahi_aaya_is_present PASSED [ 39%]
tests/test_whatsapp_checkin.py::TestAbsentMarkers::test_absent_is_present PASSED [ 40%]
tests/test_whatsapp_checkin.py::TestMessageBuilders::test_checkin_prompt_all_languages PASSED [ 40%]
tests/test_whatsapp_checkin.py::TestMessageBuilders::test_checkin_prompt_unknown_lang_falls_back_to_en PASSED [ 41%]
tests/test_whatsapp_checkin.py::TestMessageBuilders::test_checkin_prompt_hinglish_contains_aaj PASSED [ 41%]
tests/test_whatsapp_checkin.py::TestMessageBuilders::test_closing_reply_all_languages PASSED [ 42%]
tests/test_whatsapp_checkin.py::TestMessageBuilders::test_closing_reply_hinglish_mentions_sahab PASSED [ 42%]
tests/test_whatsapp_checkin.py::TestMessageBuilders::test_closing_reply_unknown_lang_falls_back PASSED [ 43%]
tests/test_whatsapp_checkin.py::TestCheckinState::test_save_and_retrieve_checkin_state PASSED [ 43%]
tests/test_whatsapp_checkin.py::TestCheckinState::test_empty_state_for_unknown_tenant PASSED [ 44%]
tests/test_whatsapp_checkin.py::TestCheckinState::test_different_tenants_have_separate_state PASSED [ 44%]
tests/test_whatsapp_checkin.py::TestCheckinState::test_overwrite_updates_state PASSED [ 45%]
tests/test_whatsapp_checkin.py::TestCheckinState::test_recorded_at_is_iso_format PASSED [ 45%]
tests/test_whatsapp_checkin.py::TestGetEmployeeSkillName::test_returns_first_skill_name PASSED [ 46%]
tests/test_whatsapp_checkin.py::TestGetEmployeeSkillName::test_returns_none_for_no_skills PASSED [ 46%]
tests/test_whatsapp_checkin.py::TestMatchEmployeeName::test_matches_first_name PASSED [ 47%]
tests/test_whatsapp_checkin.py::TestMatchEmployeeName::test_matches_last_name PASSED [ 47%]
tests/test_whatsapp_checkin.py::TestMatchEmployeeName::test_case_insensitive_match PASSED [ 48%]
tests/test_whatsapp_checkin.py::TestMatchEmployeeName::test_no_match_returns_none PASSED [ 48%]
tests/test_whatsapp_checkin.py::TestMatchEmployeeName::test_short_word_does_not_match PASSED [ 49%]
tests/test_whatsapp_checkin.py::TestParseAttendance::test_detects_absent_employee_by_first_name PASSED [ 49%]
tests/test_whatsapp_checkin.py::TestParseAttendance::test_detects_multiple_absent_employees PASSED [ 50%]
tests/test_whatsapp_checkin.py::TestParseAttendance::test_no_absent_marker_means_present PASSED [ 50%]
tests/test_whatsapp_checkin.py::TestParseAttendance::test_unmatched_words_go_to_unknown PASSED [ 50%]
tests/test_whatsapp_checkin.py::TestParseAttendance::test_same_employee_not_duplicated PASSED [ 51%]
tests/test_whatsapp_checkin.py::TestParseAttendance::test_empty_message_returns_empty_lists PASSED [ 51%]
tests/test_whatsapp_checkin.py::TestParseAttendance::test_cross_tenant_isolation PASSED [ 52%]
tests/test_whatsapp_checkin.py::TestFindSubstitute::test_finds_substitute_with_same_skill PASSED [ 52%]
tests/test_whatsapp_checkin.py::TestFindSubstitute::test_no_substitute_when_skill_unique PASSED [ 53%]
tests/test_whatsapp_checkin.py::TestFindSubstitute::test_excludes_absent_employee_from_results PASSED [ 53%]
tests/test_whatsapp_checkin.py::TestFindSubstitute::test_excludes_already_absent_employees PASSED [ 54%]
tests/test_whatsapp_checkin.py::TestFindSubstitute::test_no_substitute_for_employee_with_no_skills PASSED [ 54%]
tests/test_whatsapp_checkin.py::TestFindSubstitute::test_cross_tenant_isolation PASSED [ 55%]
tests/test_whatsapp_checkin.py::TestHandleManagerCheckinReply::test_returns_list_of_replies PASSED [ 55%]
tests/test_whatsapp_checkin.py::TestHandleManagerCheckinReply::test_last_reply_is_closing_message PASSED [ 56%]
tests/test_whatsapp_checkin.py::TestHandleManagerCheckinReply::test_saves_checkin_state_to_redis PASSED [ 56%]
tests/test_whatsapp_checkin.py::TestHandleManagerCheckinReply::test_no_absent_marker_saves_empty_absent_list PASSED [ 57%]
tests/test_whatsapp_checkin.py::TestHandleManagerCheckinReply::test_absent_reply_mentions_employee_name PASSED [ 57%]
tests/test_whatsapp_phase4.py::TestIsConfirmation::test_haan_is_confirmation PASSED [ 58%]
tests/test_whatsapp_phase4.py::TestIsConfirmation::test_yes_is_confirmation PASSED [ 58%]
tests/test_whatsapp_phase4.py::TestIsConfirmation::test_ok_is_confirmation PASSED [ 59%]
tests/test_whatsapp_phase4.py::TestIsConfirmation::test_confirm_is_confirmation PASSED [ 59%]
tests/test_whatsapp_phase4.py::TestIsConfirmation::test_bilkul_is_confirmation PASSED [ 60%]
tests/test_whatsapp_phase4.py::TestIsConfirmation::test_nahi_not_confirmation PASSED [ 60%]
tests/test_whatsapp_phase4.py::TestIsConfirmation::test_random_text_not_confirmation PASSED [ 61%]
tests/test_whatsapp_phase4.py::TestIsConfirmation::test_empty_string_not_confirmation PASSED [ 61%]
tests/test_whatsapp_phase4.py::TestIsConfirmation::test_case_insensitive_haan PASSED [ 62%]
tests/test_whatsapp_phase4.py::TestIsConfirmation::test_case_insensitive_yes PASSED [ 62%]
tests/test_whatsapp_phase4.py::TestIsConfirmation::test_prefix_match_haan_kar_do PASSED [ 63%]
tests/test_whatsapp_phase4.py::TestIsConfirmation::test_prefix_match_yes_please PASSED [ 63%]
tests/test_whatsapp_phase4.py::TestIsConfirmation::test_all_confirmation_words_return_true PASSED [ 64%]
tests/test_whatsapp_phase4.py::TestIsCancellation::test_nahi_is_cancellation PASSED [ 64%]
tests/test_whatsapp_phase4.py::TestIsCancellation::test_no_is_cancellation PASSED [ 65%]
tests/test_whatsapp_phase4.py::TestIsCancellation::test_cancel_is_cancellation PASSED [ 65%]
tests/test_whatsapp_phase4.py::TestIsCancellation::test_ruko_is_cancellation PASSED [ 66%]
tests/test_whatsapp_phase4.py::TestIsCancellation::test_haan_not_cancellation PASSED [ 66%]
tests/test_whatsapp_phase4.py::TestIsCancellation::test_random_text_not_cancellation PASSED [ 67%]
tests/test_whatsapp_phase4.py::TestIsCancellation::test_empty_string_not_cancellation PASSED [ 67%]
tests/test_whatsapp_phase4.py::TestIsCancellation::test_case_insensitive_nahi PASSED [ 68%]
tests/test_whatsapp_phase4.py::TestIsCancellation::test_case_insensitive_no PASSED [ 68%]
tests/test_whatsapp_phase4.py::TestIsCancellation::test_all_cancellation_words_return_true PASSED [ 69%]
tests/test_whatsapp_phase4.py::TestIsCancellation::test_confirmation_and_cancellation_do_not_overlap PASSED [ 69%]
tests/test_whatsapp_phase4.py::TestBuildConfirmationPrompt::test_absent_prompt_contains_employee_name PASSED [ 70%]
tests/test_whatsapp_phase4.py::TestBuildConfirmationPrompt::test_absent_prompt_contains_date PASSED [ 70%]
tests/test_whatsapp_phase4.py::TestBuildConfirmationPrompt::test_maintenance_prompt_contains_machine_name PASSED [ 71%]
tests/test_whatsapp_phase4.py::TestBuildConfirmationPrompt::test_job_status_prompt_contains_job_name PASSED [ 71%]
tests/test_whatsapp_phase4.py::TestBuildConfirmationPrompt::test_reschedule_prompt_contains_job_name PASSED [ 72%]
tests/test_whatsapp_phase4.py::TestBuildConfirmationPrompt::test_create_job_prompt_contains_job_name PASSED [ 72%]
tests/test_whatsapp_phase4.py::TestBuildConfirmationPrompt::test_prompt_instructs_haan_to_confirm PASSED [ 73%]
tests/test_whatsapp_phase4.py::TestBuildConfirmationPrompt::test_prompt_instructs_nahi_to_cancel PASSED [ 73%]
tests/test_whatsapp_phase4.py::TestBuildConfirmationPrompt::test_prompt_is_non_empty_string PASSED [ 74%]
tests/test_whatsapp_phase4.py::TestBuildConfirmationPrompt::test_empty_params_do_not_raise PASSED [ 74%]
tests/test_whatsapp_phase4.py::TestPendingActionStorage::test_store_and_retrieve_pending_action PASSED [ 75%]
tests/test_whatsapp_phase4.py::TestPendingActionStorage::test_no_pending_action_returns_none PASSED [ 75%]
tests/test_whatsapp_phase4.py::TestPendingActionStorage::test_clear_removes_pending_action PASSED [ 76%]
tests/test_whatsapp_phase4.py::TestPendingActionStorage::test_pending_action_has_required_fields PASSED [ 76%]
tests/test_whatsapp_phase4.py::TestPendingActionStorage::test_action_type_stored_as_string PASSED [ 77%]
tests/test_whatsapp_phase4.py::TestPendingActionStorage::test_different_phones_have_separate_state PASSED [ 77%]
tests/test_whatsapp_phase4.py::TestPendingActionStorage::test_overwrite_replaces_existing_action PASSED [ 78%]
tests/test_whatsapp_phase4.py::TestPendingActionStorage::test_clear_nonexistent_action_returns_true PASSED [ 78%]
tests/test_whatsapp_pipeline.py::TestExtractEmployeeName::test_extracts_capitalised_name PASSED [ 79%]
tests/test_whatsapp_pipeline.py::TestExtractEmployeeName::test_returns_none_for_only_keywords PASSED [ 79%]
tests/test_whatsapp_pipeline.py::TestExtractEmployeeName::test_empty_message_returns_none PASSED [ 80%]
tests/test_whatsapp_pipeline.py::TestExtractEmployeeName::test_extracts_first_capitalised_non_keyword PASSED [ 80%]
tests/test_whatsapp_pipeline.py::TestExtractEmployeeName::test_fallback_capitalises_first_non_keyword_word PASSED [ 81%]
tests/test_whatsapp_pipeline.py::TestExtractEmployeeName::test_skips_words_shorter_than_3_chars PASSED [ 81%]
tests/test_whatsapp_pipeline.py::TestExtractEmployeeName::test_multi_name_returns_first PASSED [ 82%]
tests/test_whatsapp_pipeline.py::TestResolveDate::test_no_date_keyword_returns_today PASSED [ 82%]
tests/test_whatsapp_pipeline.py::TestResolveDate::test_aaj_returns_today PASSED [ 83%]
tests/test_whatsapp_pipeline.py::TestResolveDate::test_today_keyword_returns_today PASSED [ 83%]
tests/test_whatsapp_pipeline.py::TestResolveDate::test_kal_returns_tomorrow PASSED [ 84%]
tests/test_whatsapp_pipeline.py::TestResolveDate::test_tomorrow_keyword_returns_tomorrow PASSED [ 84%]
tests/test_whatsapp_pipeline.py::TestResolveDate::test_result_is_yyyy_mm_dd_format PASSED [ 85%]
tests/test_whatsapp_pipeline.py::TestDetectWriteIntent::test_returns_4_tuple PASSED [ 85%]
tests/test_whatsapp_pipeline.py::TestDetectWriteIntent::test_no_intent_returns_pass_through PASSED [ 86%]
tests/test_whatsapp_pipeline.py::TestDetectWriteIntent::test_absent_intent_employee_not_in_db PASSED [ 86%]
tests/test_whatsapp_pipeline.py::TestDetectWriteIntent::test_absent_intent_employee_found_in_db PASSED [ 87%]
tests/test_whatsapp_pipeline.py::TestDetectWriteIntent::test_absent_params_contain_date PASSED [ 87%]
tests/test_whatsapp_pipeline.py::TestDetectWriteIntent::test_maintenance_intent_detected PASSED [ 88%]
tests/test_whatsapp_pipeline.py::TestDetectWriteIntent::test_job_status_intent_detected PASSED [ 88%]
tests/test_whatsapp_pipeline.py::TestDetectWriteIntent::test_operator_blocked_on_schedule_keyword PASSED [ 89%]
tests/test_whatsapp_pipeline.py::TestDetectWriteIntent::test_operator_blocked_on_financial_keyword PASSED [ 89%]
tests/test_whatsapp_pipeline.py::TestDetectWriteIntent::test_manager_blocked_on_financial PASSED [ 90%]
tests/test_whatsapp_pipeline.py::TestDetectWriteIntent::test_manager_blocked_on_create_keywords PASSED [ 90%]
tests/test_whatsapp_pipeline.py::TestDetectWriteIntent::test_manager_blocked_on_delete_keywords PASSED [ 91%]
tests/test_whatsapp_pipeline.py::TestDetectWriteIntent::test_owner_always_passes_role_gate PASSED [ 91%]
tests/test_whatsapp_pipeline.py::TestDetectWriteIntent::test_unknown_role_treated_as_operator PASSED [ 92%]
tests/test_whatsapp_pipeline.py::TestDetectWriteIntent::test_manager_allowed_on_attendance PASSED [ 92%]
tests/test_whatsapp_pipeline.py::TestDetectWriteIntent::test_blocked_reply_is_string PASSED [ 93%]
tests/test_whatsapp_router.py::TestExtractMessageFromPayload::test_extracts_text_message PASSED [ 93%]
tests/test_whatsapp_router.py::TestExtractMessageFromPayload::test_result_has_required_keys_for_text PASSED [ 94%]
tests/test_whatsapp_router.py::TestExtractMessageFromPayload::test_returns_none_for_empty_messages_list PASSED [ 94%]
tests/test_whatsapp_router.py::TestExtractMessageFromPayload::test_returns_none_for_missing_entry_key PASSED [ 95%]
tests/test_whatsapp_router.py::TestExtractMessageFromPayload::test_returns_none_for_empty_payload PASSED [ 95%]
tests/test_whatsapp_router.py::TestExtractMessageFromPayload::test_extracts_audio_as_voice_type PASSED [ 96%]
tests/test_whatsapp_router.py::TestExtractMessageFromPayload::test_audio_message_includes_media_id PASSED [ 96%]
tests/test_whatsapp_router.py::TestExtractMessageFromPayload::test_audio_message_text_is_empty_string PASSED [ 97%]
tests/test_whatsapp_router.py::TestExtractMessageFromPayload::test_returns_none_for_image_type PASSED [ 97%]
tests/test_whatsapp_router.py::TestExtractMessageFromPayload::test_returns_none_for_empty_text_body PASSED [ 98%]
tests/test_whatsapp_router.py::TestExtractMessageFromPayload::test_returns_none_when_phone_missing PASSED [ 98%]
tests/test_whatsapp_router.py::TestExtractMessageFromPayload::test_phone_number_preserved_exactly PASSED [ 99%]
tests/test_whatsapp_router.py::TestExtractMessageFromPayload::test_deeply_nested_payload_parsed_correctly PASSED [ 99%]
tests/test_whatsapp_router.py::TestExtractMessageFromPayload::test_malformed_nested_payload_returns_none PASSED [100%]

============================== warnings summary ===============================
app\routers\gantt.py:66
  C:\Users\gaura\Desktop\Projects\sch\msme-resource-scheduler\backend\app\routers\gantt.py:66: PydanticDeprecatedSince20: Support for class-based `config` is deprecated, use ConfigDict instead. Deprecated in Pydantic V2.0 to be removed in V3.0. See Pydantic V2 Migration Guide at https://errors.pydantic.dev/2.12/migration/
    class GanttJob(BaseModel):

tests/test_alembic_migrations.py::TestMigrationFileIntegrity::test_no_duplicate_revision_ids
  C:\Users\gaura\Desktop\Projects\sch\msme-resource-scheduler\backend\venv\Lib\site-packages\alembic\config.py:612: DeprecationWarning: No path_separator found in configuration; falling back to legacy splitting on spaces, commas, and colons for prepend_sys_path.  Consider adding path_separator=os to Alembic config.
    util.warn_deprecated(

tests/test_skills.py: 11 warnings
tests/test_whatsapp_checkin.py: 280 warnings
  C:\Users\gaura\Desktop\Projects\sch\msme-resource-scheduler\backend\venv\Lib\site-packages\sqlalchemy\sql\schema.py:3624: DeprecationWarning: datetime.datetime.utcnow() is deprecated and scheduled for removal in a future version. Use timezone-aware objects to represent datetimes in UTC: datetime.datetime.now(datetime.UTC).
    return util.wrap_callable(lambda ctx: fn(), fn)  # type: ignore

tests/test_whatsapp_phase4.py::TestPendingActionStorage::test_store_and_retrieve_pending_action
tests/test_whatsapp_phase4.py::TestPendingActionStorage::test_clear_removes_pending_action
tests/test_whatsapp_phase4.py::TestPendingActionStorage::test_pending_action_has_required_fields
tests/test_whatsapp_phase4.py::TestPendingActionStorage::test_action_type_stored_as_string
tests/test_whatsapp_phase4.py::TestPendingActionStorage::test_different_phones_have_separate_state
tests/test_whatsapp_phase4.py::TestPendingActionStorage::test_overwrite_replaces_existing_action
tests/test_whatsapp_phase4.py::TestPendingActionStorage::test_overwrite_replaces_existing_action
  C:\Users\gaura\Desktop\Projects\sch\msme-resource-scheduler\backend\app\services\whatsapp_actions.py:120: DeprecationWarning: datetime.datetime.utcnow() is deprecated and scheduled for removal in a future version. Use timezone-aware objects to represent datetimes in UTC: datetime.datetime.now(datetime.UTC).
    "proposed_at":   datetime.utcnow().isoformat(),

-- Docs: https://docs.pytest.org/en/stable/how-to/capture-warnings.html
========= 199 passed, 3 skipped, 12 deselected, 300 warnings in 4.27s =========
